小確幸  ㄒㄧㄠˇ ㄑㄩㄝˋ ㄒㄧㄥˋ
過譽  ㄍㄨㄛˋ 　ㄩ　ˋ
銅鋰鋅  ㄊㄨㄥˊ ㄌㄧ　ˇ ㄒㄧㄣˉ
已知用火  　ㄧ　ˇ ㄓ　　ˉ 　ㄩㄥˋ ㄏㄨㄛˇ
